INFO - 2025-10-15 17:36:13 --> Session: Class initialized using 'CodeIgniter\Session\Handlers\FileHandler' driver.
WARNING - 2025-10-15 17:36:13 --> [DEPRECATED] Creation of dynamic property App\Controllers\Home::$language is deprecated in APPPATH\Controllers\BaseController.php on line 40.
 1 SYSTEMPATH\CodeIgniter.php(904): App\Controllers\BaseController->initController(Object(CodeIgniter\HTTP\IncomingRequest), Object(CodeIgniter\HTTP\Response), Object(CodeIgniter\Log\Logger))
 2 SYSTEMPATH\CodeIgniter.php(500): CodeIgniter\CodeIgniter->createController()
 3 SYSTEMPATH\CodeIgniter.php(355): CodeIgniter\CodeIgniter->handleRequest(null, Object(Config\Cache), false)
 4 SYSTEMPATH\Boot.php(325): CodeIgniter\CodeIgniter->run()
 5 SYSTEMPATH\Boot.php(67): CodeIgniter\Boot::runCodeIgniter(Object(CodeIgniter\CodeIgniter))
 6 FCPATH\index.php(56): CodeIgniter\Boot::bootWeb(Object(Config\Paths))
INFO - 2025-10-15 17:38:26 --> Session: Class initialized using 'CodeIgniter\Session\Handlers\FileHandler' driver.
WARNING - 2025-10-15 17:38:26 --> [DEPRECATED] Creation of dynamic property App\Controllers\Home::$language is deprecated in APPPATH\Controllers\BaseController.php on line 40.
 1 SYSTEMPATH\CodeIgniter.php(904): App\Controllers\BaseController->initController(Object(CodeIgniter\HTTP\IncomingRequest), Object(CodeIgniter\HTTP\Response), Object(CodeIgniter\Log\Logger))
 2 SYSTEMPATH\CodeIgniter.php(500): CodeIgniter\CodeIgniter->createController()
 3 SYSTEMPATH\CodeIgniter.php(355): CodeIgniter\CodeIgniter->handleRequest(null, Object(Config\Cache), false)
 4 SYSTEMPATH\Boot.php(325): CodeIgniter\CodeIgniter->run()
 5 SYSTEMPATH\Boot.php(67): CodeIgniter\Boot::runCodeIgniter(Object(CodeIgniter\CodeIgniter))
 6 FCPATH\index.php(56): CodeIgniter\Boot::bootWeb(Object(Config\Paths))
INFO - 2025-10-15 17:39:17 --> Session: Class initialized using 'CodeIgniter\Session\Handlers\FileHandler' driver.
WARNING - 2025-10-15 17:39:17 --> [DEPRECATED] Creation of dynamic property App\Controllers\Home::$language is deprecated in APPPATH\Controllers\BaseController.php on line 40.
 1 SYSTEMPATH\CodeIgniter.php(904): App\Controllers\BaseController->initController(Object(CodeIgniter\HTTP\IncomingRequest), Object(CodeIgniter\HTTP\Response), Object(CodeIgniter\Log\Logger))
 2 SYSTEMPATH\CodeIgniter.php(500): CodeIgniter\CodeIgniter->createController()
 3 SYSTEMPATH\CodeIgniter.php(355): CodeIgniter\CodeIgniter->handleRequest(null, Object(Config\Cache), false)
 4 SYSTEMPATH\Boot.php(325): CodeIgniter\CodeIgniter->run()
 5 SYSTEMPATH\Boot.php(67): CodeIgniter\Boot::runCodeIgniter(Object(CodeIgniter\CodeIgniter))
 6 FCPATH\index.php(56): CodeIgniter\Boot::bootWeb(Object(Config\Paths))
INFO - 2025-10-15 17:39:20 --> Session: Class initialized using 'CodeIgniter\Session\Handlers\FileHandler' driver.
WARNING - 2025-10-15 17:39:20 --> [DEPRECATED] Creation of dynamic property App\Controllers\Home::$language is deprecated in APPPATH\Controllers\BaseController.php on line 40.
 1 SYSTEMPATH\CodeIgniter.php(904): App\Controllers\BaseController->initController(Object(CodeIgniter\HTTP\IncomingRequest), Object(CodeIgniter\HTTP\Response), Object(CodeIgniter\Log\Logger))
 2 SYSTEMPATH\CodeIgniter.php(500): CodeIgniter\CodeIgniter->createController()
 3 SYSTEMPATH\CodeIgniter.php(355): CodeIgniter\CodeIgniter->handleRequest(null, Object(Config\Cache), false)
 4 SYSTEMPATH\Boot.php(325): CodeIgniter\CodeIgniter->run()
 5 SYSTEMPATH\Boot.php(67): CodeIgniter\Boot::runCodeIgniter(Object(CodeIgniter\CodeIgniter))
 6 FCPATH\index.php(56): CodeIgniter\Boot::bootWeb(Object(Config\Paths))
DEBUG - 2025-10-15 17:39:20 --> Home::loginobtener() - Mostrando vista de login. Estado de la sesión: {"__ci_last_regenerate":1760549773,"lang":"es","_ci_previous_url":"http:\/\/localhost\/SanchezLeonel2024\/login2\/ASG-3\/public\/index.php\/"}
INFO - 2025-10-15 17:39:25 --> Session: Class initialized using 'CodeIgniter\Session\Handlers\FileHandler' driver.
INFO - 2025-10-15 17:40:00 --> Session: Class initialized using 'CodeIgniter\Session\Handlers\FileHandler' driver.
INFO - 2025-10-15 17:40:01 --> Session: Class initialized using 'CodeIgniter\Session\Handlers\FileHandler' driver.
DEBUG - 2025-10-15 17:40:56 --> Correo de verificación de registro enviado a: solapa@gmail.com
INFO - 2025-10-15 17:40:56 --> Session: Class initialized using 'CodeIgniter\Session\Handlers\FileHandler' driver.
INFO - 2025-10-15 17:40:57 --> Session: Class initialized using 'CodeIgniter\Session\Handlers\FileHandler' driver.
INFO - 2025-10-15 17:41:17 --> Session: Class initialized using 'CodeIgniter\Session\Handlers\FileHandler' driver.
INFO - 2025-10-15 17:41:17 --> Session: Class initialized using 'CodeIgniter\Session\Handlers\FileHandler' driver.
WARNING - 2025-10-15 17:41:17 --> [DEPRECATED] Creation of dynamic property App\Controllers\Home::$language is deprecated in APPPATH\Controllers\BaseController.php on line 40.
 1 SYSTEMPATH\CodeIgniter.php(904): App\Controllers\BaseController->initController(Object(CodeIgniter\HTTP\IncomingRequest), Object(CodeIgniter\HTTP\Response), Object(CodeIgniter\Log\Logger))
 2 SYSTEMPATH\CodeIgniter.php(500): CodeIgniter\CodeIgniter->createController()
 3 SYSTEMPATH\CodeIgniter.php(355): CodeIgniter\CodeIgniter->handleRequest(null, Object(Config\Cache), false)
 4 SYSTEMPATH\Boot.php(325): CodeIgniter\CodeIgniter->run()
 5 SYSTEMPATH\Boot.php(67): CodeIgniter\Boot::runCodeIgniter(Object(CodeIgniter\CodeIgniter))
 6 FCPATH\index.php(56): CodeIgniter\Boot::bootWeb(Object(Config\Paths))
DEBUG - 2025-10-15 17:41:17 --> Home::loginobtener() - Mostrando vista de login. Estado de la sesión: {"__ci_last_regenerate":1760550077,"lang":"es","_ci_previous_url":"http:\/\/localhost\/SanchezLeonel2024\/login2\/ASG-3\/public\/index.php\/register\/check-email"}
INFO - 2025-10-15 17:41:29 --> Session: Class initialized using 'CodeIgniter\Session\Handlers\FileHandler' driver.
WARNING - 2025-10-15 17:41:29 --> [DEPRECATED] Creation of dynamic property App\Controllers\Home::$language is deprecated in APPPATH\Controllers\BaseController.php on line 40.
 1 SYSTEMPATH\CodeIgniter.php(904): App\Controllers\BaseController->initController(Object(CodeIgniter\HTTP\IncomingRequest), Object(CodeIgniter\HTTP\Response), Object(CodeIgniter\Log\Logger))
 2 SYSTEMPATH\CodeIgniter.php(500): CodeIgniter\CodeIgniter->createController()
 3 SYSTEMPATH\CodeIgniter.php(355): CodeIgniter\CodeIgniter->handleRequest(null, Object(Config\Cache), false)
 4 SYSTEMPATH\Boot.php(325): CodeIgniter\CodeIgniter->run()
 5 SYSTEMPATH\Boot.php(67): CodeIgniter\Boot::runCodeIgniter(Object(CodeIgniter\CodeIgniter))
 6 FCPATH\index.php(56): CodeIgniter\Boot::bootWeb(Object(Config\Paths))
DEBUG - 2025-10-15 17:41:29 --> Home::loginobtener() - Mostrando vista de login. Estado de la sesión: {"__ci_last_regenerate":1760550077,"lang":"es","_ci_previous_url":"http:\/\/localhost\/SanchezLeonel2024\/login2\/ASG-3\/public\/index.php\/loginobtener"}
INFO - 2025-10-15 17:41:31 --> Session: Class initialized using 'CodeIgniter\Session\Handlers\FileHandler' driver.
INFO - 2025-10-15 17:41:32 --> Session: Class initialized using 'CodeIgniter\Session\Handlers\FileHandler' driver.
INFO - 2025-10-15 17:41:32 --> Session: Class initialized using 'CodeIgniter\Session\Handlers\FileHandler' driver.
INFO - 2025-10-15 17:41:32 --> Session: Class initialized using 'CodeIgniter\Session\Handlers\FileHandler' driver.
WARNING - 2025-10-15 17:41:32 --> [DEPRECATED] Creation of dynamic property App\Controllers\Home::$language is deprecated in APPPATH\Controllers\BaseController.php on line 40.
 1 SYSTEMPATH\CodeIgniter.php(904): App\Controllers\BaseController->initController(Object(CodeIgniter\HTTP\IncomingRequest), Object(CodeIgniter\HTTP\Response), Object(CodeIgniter\Log\Logger))
 2 SYSTEMPATH\CodeIgniter.php(500): CodeIgniter\CodeIgniter->createController()
 3 SYSTEMPATH\CodeIgniter.php(355): CodeIgniter\CodeIgniter->handleRequest(null, Object(Config\Cache), false)
 4 SYSTEMPATH\Boot.php(325): CodeIgniter\CodeIgniter->run()
 5 SYSTEMPATH\Boot.php(67): CodeIgniter\Boot::runCodeIgniter(Object(CodeIgniter\CodeIgniter))
 6 FCPATH\index.php(56): CodeIgniter\Boot::bootWeb(Object(Config\Paths))
DEBUG - 2025-10-15 17:41:32 --> Home::loginobtener() - Mostrando vista de login. Estado de la sesión: {"__ci_last_regenerate":1760550077,"lang":"es","_ci_previous_url":"http:\/\/localhost\/SanchezLeonel2024\/login2\/ASG-3\/public\/index.php\/register"}
INFO - 2025-10-15 17:41:33 --> Session: Class initialized using 'CodeIgniter\Session\Handlers\FileHandler' driver.
WARNING - 2025-10-15 17:41:33 --> [DEPRECATED] Creation of dynamic property App\Controllers\Home::$language is deprecated in APPPATH\Controllers\BaseController.php on line 40.
 1 SYSTEMPATH\CodeIgniter.php(904): App\Controllers\BaseController->initController(Object(CodeIgniter\HTTP\IncomingRequest), Object(CodeIgniter\HTTP\Response), Object(CodeIgniter\Log\Logger))
 2 SYSTEMPATH\CodeIgniter.php(500): CodeIgniter\CodeIgniter->createController()
 3 SYSTEMPATH\CodeIgniter.php(355): CodeIgniter\CodeIgniter->handleRequest(null, Object(Config\Cache), false)
 4 SYSTEMPATH\Boot.php(325): CodeIgniter\CodeIgniter->run()
 5 SYSTEMPATH\Boot.php(67): CodeIgniter\Boot::runCodeIgniter(Object(CodeIgniter\CodeIgniter))
 6 FCPATH\index.php(56): CodeIgniter\Boot::bootWeb(Object(Config\Paths))
INFO - 2025-10-15 17:41:35 --> Session: Class initialized using 'CodeIgniter\Session\Handlers\FileHandler' driver.
WARNING - 2025-10-15 17:41:35 --> [DEPRECATED] Creation of dynamic property App\Controllers\Home::$language is deprecated in APPPATH\Controllers\BaseController.php on line 40.
 1 SYSTEMPATH\CodeIgniter.php(904): App\Controllers\BaseController->initController(Object(CodeIgniter\HTTP\IncomingRequest), Object(CodeIgniter\HTTP\Response), Object(CodeIgniter\Log\Logger))
 2 SYSTEMPATH\CodeIgniter.php(500): CodeIgniter\CodeIgniter->createController()
 3 SYSTEMPATH\CodeIgniter.php(355): CodeIgniter\CodeIgniter->handleRequest(null, Object(Config\Cache), false)
 4 SYSTEMPATH\Boot.php(325): CodeIgniter\CodeIgniter->run()
 5 SYSTEMPATH\Boot.php(67): CodeIgniter\Boot::runCodeIgniter(Object(CodeIgniter\CodeIgniter))
 6 FCPATH\index.php(56): CodeIgniter\Boot::bootWeb(Object(Config\Paths))
INFO - 2025-10-15 17:41:39 --> Session: Class initialized using 'CodeIgniter\Session\Handlers\FileHandler' driver.
WARNING - 2025-10-15 17:41:39 --> [DEPRECATED] Creation of dynamic property App\Controllers\Home::$language is deprecated in APPPATH\Controllers\BaseController.php on line 40.
 1 SYSTEMPATH\CodeIgniter.php(904): App\Controllers\BaseController->initController(Object(CodeIgniter\HTTP\IncomingRequest), Object(CodeIgniter\HTTP\Response), Object(CodeIgniter\Log\Logger))
 2 SYSTEMPATH\CodeIgniter.php(500): CodeIgniter\CodeIgniter->createController()
 3 SYSTEMPATH\CodeIgniter.php(355): CodeIgniter\CodeIgniter->handleRequest(null, Object(Config\Cache), false)
 4 SYSTEMPATH\Boot.php(325): CodeIgniter\CodeIgniter->run()
 5 SYSTEMPATH\Boot.php(67): CodeIgniter\Boot::runCodeIgniter(Object(CodeIgniter\CodeIgniter))
 6 FCPATH\index.php(56): CodeIgniter\Boot::bootWeb(Object(Config\Paths))
DEBUG - 2025-10-15 17:41:39 --> Home::comprar() - Mostrando vista de comprar. Estado de la sesión: {"__ci_last_regenerate":1760550077,"lang":"es","_ci_previous_url":"http:\/\/localhost\/SanchezLeonel2024\/login2\/ASG-3\/public\/index.php\/"}
INFO - 2025-10-15 17:42:47 --> Session: Class initialized using 'CodeIgniter\Session\Handlers\FileHandler' driver.
WARNING - 2025-10-15 17:42:47 --> [DEPRECATED] Creation of dynamic property App\Controllers\Home::$language is deprecated in APPPATH\Controllers\BaseController.php on line 40.
 1 SYSTEMPATH\CodeIgniter.php(904): App\Controllers\BaseController->initController(Object(CodeIgniter\HTTP\IncomingRequest), Object(CodeIgniter\HTTP\Response), Object(CodeIgniter\Log\Logger))
 2 SYSTEMPATH\CodeIgniter.php(500): CodeIgniter\CodeIgniter->createController()
 3 SYSTEMPATH\CodeIgniter.php(355): CodeIgniter\CodeIgniter->handleRequest(null, Object(Config\Cache), false)
 4 SYSTEMPATH\Boot.php(325): CodeIgniter\CodeIgniter->run()
 5 SYSTEMPATH\Boot.php(67): CodeIgniter\Boot::runCodeIgniter(Object(CodeIgniter\CodeIgniter))
 6 FCPATH\index.php(56): CodeIgniter\Boot::bootWeb(Object(Config\Paths))
INFO - 2025-10-15 17:42:49 --> Session: Class initialized using 'CodeIgniter\Session\Handlers\FileHandler' driver.
WARNING - 2025-10-15 17:42:49 --> [DEPRECATED] Creation of dynamic property App\Controllers\Home::$language is deprecated in APPPATH\Controllers\BaseController.php on line 40.
 1 SYSTEMPATH\CodeIgniter.php(904): App\Controllers\BaseController->initController(Object(CodeIgniter\HTTP\IncomingRequest), Object(CodeIgniter\HTTP\Response), Object(CodeIgniter\Log\Logger))
 2 SYSTEMPATH\CodeIgniter.php(500): CodeIgniter\CodeIgniter->createController()
 3 SYSTEMPATH\CodeIgniter.php(355): CodeIgniter\CodeIgniter->handleRequest(null, Object(Config\Cache), false)
 4 SYSTEMPATH\Boot.php(325): CodeIgniter\CodeIgniter->run()
 5 SYSTEMPATH\Boot.php(67): CodeIgniter\Boot::runCodeIgniter(Object(CodeIgniter\CodeIgniter))
 6 FCPATH\index.php(56): CodeIgniter\Boot::bootWeb(Object(Config\Paths))
INFO - 2025-10-15 17:43:57 --> Session: Class initialized using 'CodeIgniter\Session\Handlers\FileHandler' driver.
WARNING - 2025-10-15 17:43:57 --> [DEPRECATED] Creation of dynamic property App\Controllers\Home::$language is deprecated in APPPATH\Controllers\BaseController.php on line 40.
 1 SYSTEMPATH\CodeIgniter.php(904): App\Controllers\BaseController->initController(Object(CodeIgniter\HTTP\IncomingRequest), Object(CodeIgniter\HTTP\Response), Object(CodeIgniter\Log\Logger))
 2 SYSTEMPATH\CodeIgniter.php(500): CodeIgniter\CodeIgniter->createController()
 3 SYSTEMPATH\CodeIgniter.php(355): CodeIgniter\CodeIgniter->handleRequest(null, Object(Config\Cache), false)
 4 SYSTEMPATH\Boot.php(325): CodeIgniter\CodeIgniter->run()
 5 SYSTEMPATH\Boot.php(67): CodeIgniter\Boot::runCodeIgniter(Object(CodeIgniter\CodeIgniter))
 6 FCPATH\index.php(56): CodeIgniter\Boot::bootWeb(Object(Config\Paths))
INFO - 2025-10-15 17:44:31 --> Session: Class initialized using 'CodeIgniter\Session\Handlers\FileHandler' driver.
WARNING - 2025-10-15 17:44:31 --> [DEPRECATED] Creation of dynamic property App\Controllers\Home::$language is deprecated in APPPATH\Controllers\BaseController.php on line 40.
 1 SYSTEMPATH\CodeIgniter.php(904): App\Controllers\BaseController->initController(Object(CodeIgniter\HTTP\IncomingRequest), Object(CodeIgniter\HTTP\Response), Object(CodeIgniter\Log\Logger))
 2 SYSTEMPATH\CodeIgniter.php(500): CodeIgniter\CodeIgniter->createController()
 3 SYSTEMPATH\CodeIgniter.php(355): CodeIgniter\CodeIgniter->handleRequest(null, Object(Config\Cache), false)
 4 SYSTEMPATH\Boot.php(325): CodeIgniter\CodeIgniter->run()
 5 SYSTEMPATH\Boot.php(67): CodeIgniter\Boot::runCodeIgniter(Object(CodeIgniter\CodeIgniter))
 6 FCPATH\index.php(56): CodeIgniter\Boot::bootWeb(Object(Config\Paths))
DEBUG - 2025-10-15 17:44:31 --> Home::loginobtener() - Mostrando vista de login. Estado de la sesión: {"__ci_last_regenerate":1760550077,"lang":"es","_ci_previous_url":"http:\/\/localhost\/SanchezLeonel2024\/login2\/ASG-3\/public\/index.php\/"}
INFO - 2025-10-15 17:44:35 --> Session: Class initialized using 'CodeIgniter\Session\Handlers\FileHandler' driver.
WARNING - 2025-10-15 17:44:35 --> [DEPRECATED] Creation of dynamic property App\Controllers\Home::$language is deprecated in APPPATH\Controllers\BaseController.php on line 40.
 1 SYSTEMPATH\CodeIgniter.php(904): App\Controllers\BaseController->initController(Object(CodeIgniter\HTTP\IncomingRequest), Object(CodeIgniter\HTTP\Response), Object(CodeIgniter\Log\Logger))
 2 SYSTEMPATH\CodeIgniter.php(500): CodeIgniter\CodeIgniter->createController()
 3 SYSTEMPATH\CodeIgniter.php(355): CodeIgniter\CodeIgniter->handleRequest(null, Object(Config\Cache), false)
 4 SYSTEMPATH\Boot.php(325): CodeIgniter\CodeIgniter->run()
 5 SYSTEMPATH\Boot.php(67): CodeIgniter\Boot::runCodeIgniter(Object(CodeIgniter\CodeIgniter))
 6 FCPATH\index.php(56): CodeIgniter\Boot::bootWeb(Object(Config\Paths))
DEBUG - 2025-10-15 17:44:35 --> Home::login() - Iniciando proceso de login. Datos de sesión al inicio: {"__ci_last_regenerate":1760550077,"lang":"es","_ci_previous_url":"http:\/\/localhost\/SanchezLeonel2024\/login2\/ASG-3\/public\/index.php\/loginobtener"}
DEBUG - 2025-10-15 17:44:36 --> Home::login() - Login exitoso para usuario ID: 1. Datos de sesión establecidos: {"id":"1","nombre":"Leito","email":"leonelsanchez@alumnos.itr3.edu.ar","logged_in":true}
INFO - 2025-10-15 17:44:36 --> Session: Class initialized using 'CodeIgniter\Session\Handlers\FileHandler' driver.
WARNING - 2025-10-15 17:44:36 --> [DEPRECATED] Creation of dynamic property App\Controllers\PerfilController::$language is deprecated in APPPATH\Controllers\BaseController.php on line 40.
 1 SYSTEMPATH\CodeIgniter.php(904): App\Controllers\BaseController->initController(Object(CodeIgniter\HTTP\IncomingRequest), Object(CodeIgniter\HTTP\Response), Object(CodeIgniter\Log\Logger))
 2 SYSTEMPATH\CodeIgniter.php(500): CodeIgniter\CodeIgniter->createController()
 3 SYSTEMPATH\CodeIgniter.php(355): CodeIgniter\CodeIgniter->handleRequest(null, Object(Config\Cache), false)
 4 SYSTEMPATH\Boot.php(325): CodeIgniter\CodeIgniter->run()
 5 SYSTEMPATH\Boot.php(67): CodeIgniter\Boot::runCodeIgniter(Object(CodeIgniter\CodeIgniter))
 6 FCPATH\index.php(56): CodeIgniter\Boot::bootWeb(Object(Config\Paths))
DEBUG - 2025-10-15 17:44:36 --> PerfilController::index() - Estado de la sesión al inicio: {"__ci_last_regenerate":1760550077,"lang":"es","_ci_previous_url":"http:\/\/localhost\/SanchezLeonel2024\/login2\/ASG-3\/public\/index.php\/loginobtener","id":"1","nombre":"Leito","email":"leonelsanchez@alumnos.itr3.edu.ar","logged_in":true}
DEBUG - 2025-10-15 17:44:36 --> PerfilController::index() - Usuario ID de la sesión: 1
DEBUG - 2025-10-15 17:44:38 --> PerfilController::index() - Dispositivos enlazados obtenidos: [{"id":"1","MAC":"73:F8:FF:6C:67:F1","nombre":"Sentinel","ubicacion":"Cocina ","estado_dispositivo":"disponible","created_at":"2025-04-16 23:58:44","updated_at":"2025-10-07 16:29:45","estado_valvula":"0","ultimo_nivel_gas":"0","ultima_actualizacion":"2025-06-13 13:17:20"},{"id":"12","MAC":"CC:7B:5C:A8:0F:50","nombre":"ASG-Sentinel","ubicacion":"Cocina ","estado_dispositivo":"disponible","created_at":"2025-10-09 17:29:33","updated_at":"2025-10-15 12:45:13","estado_valvula":"1","ultimo_nivel_gas":"0","ultima_actualizacion":"2025-10-09 17:29:33"}]
DEBUG - 2025-10-15 17:44:38 --> PerfilController::index() - Lecturas por MAC procesadas: {"CC:7B:5C:A8:0F:50":[{"id":"226","nivel_gas":"425","fecha":"2025-10-09 22:49:57","created_at":"2025-10-09 22:49:57","MAC":"CC:7B:5C:A8:0F:50","alerta_enviada":"0","nombre_dispositivo":"ASG-Sentinel","ubicacion":"Cocina ","estado":"precaucion"},{"id":"225","nivel_gas":"417","fecha":"2025-10-09 22:49:49","created_at":"2025-10-09 22:49:49","MAC":"CC:7B:5C:A8:0F:50","alerta_enviada":"0","nombre_dispositivo":"ASG-Sentinel","ubicacion":"Cocina ","estado":"precaucion"},{"id":"224","nivel_gas":"397","fecha":"2025-10-09 22:49:43","created_at":"2025-10-09 22:49:43","MAC":"CC:7B:5C:A8:0F:50","alerta_enviada":"0","nombre_dispositivo":"ASG-Sentinel","ubicacion":"Cocina ","estado":"precaucion"},{"id":"223","nivel_gas":"418","fecha":"2025-10-09 22:46:05","created_at":"2025-10-09 22:46:05","MAC":"CC:7B:5C:A8:0F:50","alerta_enviada":"0","nombre_dispositivo":"ASG-Sentinel","ubicacion":"Cocina ","estado":"precaucion"},{"id":"222","nivel_gas":"391","fecha":"2025-10-09 22:45:59","created_at":"2025-10-09 22:45:59","MAC":"CC:7B:5C:A8:0F:50","alerta_enviada":"0","nombre_dispositivo":"ASG-Sentinel","ubicacion":"Cocina ","estado":"precaucion"},{"id":"221","nivel_gas":"411","fecha":"2025-10-09 22:45:52","created_at":"2025-10-09 22:45:53","MAC":"CC:7B:5C:A8:0F:50","alerta_enviada":"0","nombre_dispositivo":"ASG-Sentinel","ubicacion":"Cocina ","estado":"precaucion"},{"id":"220","nivel_gas":"395","fecha":"2025-10-09 22:45:46","created_at":"2025-10-09 22:45:47","MAC":"CC:7B:5C:A8:0F:50","alerta_enviada":"0","nombre_dispositivo":"ASG-Sentinel","ubicacion":"Cocina ","estado":"precaucion"},{"id":"219","nivel_gas":"402","fecha":"2025-10-09 22:45:40","created_at":"2025-10-09 22:45:41","MAC":"CC:7B:5C:A8:0F:50","alerta_enviada":"0","nombre_dispositivo":"ASG-Sentinel","ubicacion":"Cocina ","estado":"precaucion"},{"id":"218","nivel_gas":"397","fecha":"2025-10-09 22:45:34","created_at":"2025-10-09 22:45:35","MAC":"CC:7B:5C:A8:0F:50","alerta_enviada":"0","nombre_dispositivo":"ASG-Sentinel","ubicacion":"Cocina ","estado":"precaucion"},{"id":"217","nivel_gas":"419","fecha":"2025-10-09 22:45:28","created_at":"2025-10-09 22:45:29","MAC":"CC:7B:5C:A8:0F:50","alerta_enviada":"0","nombre_dispositivo":"ASG-Sentinel","ubicacion":"Cocina ","estado":"precaucion"},{"id":"216","nivel_gas":"400","fecha":"2025-10-09 22:45:09","created_at":"2025-10-09 22:45:09","MAC":"CC:7B:5C:A8:0F:50","alerta_enviada":"0","nombre_dispositivo":"ASG-Sentinel","ubicacion":"Cocina ","estado":"precaucion"},{"id":"215","nivel_gas":"400","fecha":"2025-10-09 22:45:02","created_at":"2025-10-09 22:45:03","MAC":"CC:7B:5C:A8:0F:50","alerta_enviada":"0","nombre_dispositivo":"ASG-Sentinel","ubicacion":"Cocina ","estado":"precaucion"},{"id":"214","nivel_gas":"400","fecha":"2025-10-09 22:44:56","created_at":"2025-10-09 22:44:57","MAC":"CC:7B:5C:A8:0F:50","alerta_enviada":"0","nombre_dispositivo":"ASG-Sentinel","ubicacion":"Cocina ","estado":"precaucion"},{"id":"213","nivel_gas":"394","fecha":"2025-10-09 22:44:50","created_at":"2025-10-09 22:44:51","MAC":"CC:7B:5C:A8:0F:50","alerta_enviada":"0","nombre_dispositivo":"ASG-Sentinel","ubicacion":"Cocina ","estado":"precaucion"},{"id":"212","nivel_gas":"424","fecha":"2025-10-09 22:44:44","created_at":"2025-10-09 22:44:45","MAC":"CC:7B:5C:A8:0F:50","alerta_enviada":"0","nombre_dispositivo":"ASG-Sentinel","ubicacion":"Cocina ","estado":"precaucion"},{"id":"211","nivel_gas":"422","fecha":"2025-10-09 22:44:38","created_at":"2025-10-09 22:44:38","MAC":"CC:7B:5C:A8:0F:50","alerta_enviada":"0","nombre_dispositivo":"ASG-Sentinel","ubicacion":"Cocina ","estado":"precaucion"},{"id":"210","nivel_gas":"394","fecha":"2025-10-09 22:44:32","created_at":"2025-10-09 22:44:32","MAC":"CC:7B:5C:A8:0F:50","alerta_enviada":"0","nombre_dispositivo":"ASG-Sentinel","ubicacion":"Cocina ","estado":"precaucion"},{"id":"209","nivel_gas":"394","fecha":"2025-10-09 22:44:25","created_at":"2025-10-09 22:44:25","MAC":"CC:7B:5C:A8:0F:50","alerta_enviada":"0","nombre_dispositivo":"ASG-Sentinel","ubicacion":"Cocina ","estado":"precaucion"},{"id":"208","nivel_gas":"400","fecha":"2025-10-09 22:44:18","created_at":"2025-10-09 22:44:19","MAC":"CC:7B:5C:A8:0F:50","alerta_enviada":"0","nombre_dispositivo":"ASG-Sentinel","ubicacion":"Cocina ","estado":"precaucion"},{"id":"207","nivel_gas":"398","fecha":"2025-10-09 22:44:12","created_at":"2025-10-09 22:44:13","MAC":"CC:7B:5C:A8:0F:50","alerta_enviada":"0","nombre_dispositivo":"ASG-Sentinel","ubicacion":"Cocina ","estado":"precaucion"},{"id":"206","nivel_gas":"409","fecha":"2025-10-09 22:44:06","created_at":"2025-10-09 22:44:07","MAC":"CC:7B:5C:A8:0F:50","alerta_enviada":"0","nombre_dispositivo":"ASG-Sentinel","ubicacion":"Cocina ","estado":"precaucion"},{"id":"205","nivel_gas":"398","fecha":"2025-10-09 22:44:00","created_at":"2025-10-09 22:44:00","MAC":"CC:7B:5C:A8:0F:50","alerta_enviada":"0","nombre_dispositivo":"ASG-Sentinel","ubicacion":"Cocina ","estado":"precaucion"},{"id":"204","nivel_gas":"402","fecha":"2025-10-09 22:43:54","created_at":"2025-10-09 22:43:54","MAC":"CC:7B:5C:A8:0F:50","alerta_enviada":"0","nombre_dispositivo":"ASG-Sentinel","ubicacion":"Cocina ","estado":"precaucion"},{"id":"203","nivel_gas":"407","fecha":"2025-10-09 22:43:48","created_at":"2025-10-09 22:43:48","MAC":"CC:7B:5C:A8:0F:50","alerta_enviada":"0","nombre_dispositivo":"ASG-Sentinel","ubicacion":"Cocina ","estado":"precaucion"},{"id":"202","nivel_gas":"402","fecha":"2025-10-09 22:43:42","created_at":"2025-10-09 22:43:42","MAC":"CC:7B:5C:A8:0F:50","alerta_enviada":"0","nombre_dispositivo":"ASG-Sentinel","ubicacion":"Cocina ","estado":"precaucion"},{"id":"201","nivel_gas":"394","fecha":"2025-10-09 22:43:36","created_at":"2025-10-09 22:43:36","MAC":"CC:7B:5C:A8:0F:50","alerta_enviada":"0","nombre_dispositivo":"ASG-Sentinel","ubicacion":"Cocina ","estado":"precaucion"},{"id":"200","nivel_gas":"393","fecha":"2025-10-09 22:43:30","created_at":"2025-10-09 22:43:30","MAC":"CC:7B:5C:A8:0F:50","alerta_enviada":"0","nombre_dispositivo":"ASG-Sentinel","ubicacion":"Cocina ","estado":"precaucion"},{"id":"199","nivel_gas":"419","fecha":"2025-10-09 22:43:23","created_at":"2025-10-09 22:43:24","MAC":"CC:7B:5C:A8:0F:50","alerta_enviada":"0","nombre_dispositivo":"ASG-Sentinel","ubicacion":"Cocina ","estado":"precaucion"},{"id":"198","nivel_gas":"400","fecha":"2025-10-09 22:43:17","created_at":"2025-10-09 22:43:17","MAC":"CC:7B:5C:A8:0F:50","alerta_enviada":"0","nombre_dispositivo":"ASG-Sentinel","ubicacion":"Cocina ","estado":"precaucion"},{"id":"197","nivel_gas":"403","fecha":"2025-10-09 22:43:11","created_at":"2025-10-09 22:43:11","MAC":"CC:7B:5C:A8:0F:50","alerta_enviada":"0","nombre_dispositivo":"ASG-Sentinel","ubicacion":"Cocina ","estado":"precaucion"},{"id":"196","nivel_gas":"425","fecha":"2025-10-09 22:43:05","created_at":"2025-10-09 22:43:05","MAC":"CC:7B:5C:A8:0F:50","alerta_enviada":"0","nombre_dispositivo":"ASG-Sentinel","ubicacion":"Cocina ","estado":"precaucion"},{"id":"195","nivel_gas":"397","fecha":"2025-10-09 22:42:59","created_at":"2025-10-09 22:42:59","MAC":"CC:7B:5C:A8:0F:50","alerta_enviada":"0","nombre_dispositivo":"ASG-Sentinel","ubicacion":"Cocina ","estado":"precaucion"},{"id":"194","nivel_gas":"412","fecha":"2025-10-09 22:42:52","created_at":"2025-10-09 22:42:53","MAC":"CC:7B:5C:A8:0F:50","alerta_enviada":"0","nombre_dispositivo":"ASG-Sentinel","ubicacion":"Cocina ","estado":"precaucion"},{"id":"193","nivel_gas":"425","fecha":"2025-10-09 22:42:46","created_at":"2025-10-09 22:42:47","MAC":"CC:7B:5C:A8:0F:50","alerta_enviada":"0","nombre_dispositivo":"ASG-Sentinel","ubicacion":"Cocina ","estado":"precaucion"},{"id":"192","nivel_gas":"428","fecha":"2025-10-09 22:42:40","created_at":"2025-10-09 22:42:41","MAC":"CC:7B:5C:A8:0F:50","alerta_enviada":"0","nombre_dispositivo":"ASG-Sentinel","ubicacion":"Cocina ","estado":"precaucion"},{"id":"191","nivel_gas":"391","fecha":"2025-10-09 22:42:34","created_at":"2025-10-09 22:42:35","MAC":"CC:7B:5C:A8:0F:50","alerta_enviada":"0","nombre_dispositivo":"ASG-Sentinel","ubicacion":"Cocina ","estado":"precaucion"},{"id":"190","nivel_gas":"399","fecha":"2025-10-09 22:42:28","created_at":"2025-10-09 22:42:28","MAC":"CC:7B:5C:A8:0F:50","alerta_enviada":"0","nombre_dispositivo":"ASG-Sentinel","ubicacion":"Cocina ","estado":"precaucion"},{"id":"189","nivel_gas":"387","fecha":"2025-10-09 22:42:22","created_at":"2025-10-09 22:42:22","MAC":"CC:7B:5C:A8:0F:50","alerta_enviada":"0","nombre_dispositivo":"ASG-Sentinel","ubicacion":"Cocina ","estado":"precaucion"},{"id":"188","nivel_gas":"394","fecha":"2025-10-09 22:42:16","created_at":"2025-10-09 22:42:16","MAC":"CC:7B:5C:A8:0F:50","alerta_enviada":"0","nombre_dispositivo":"ASG-Sentinel","ubicacion":"Cocina ","estado":"precaucion"},{"id":"187","nivel_gas":"409","fecha":"2025-10-09 22:42:10","created_at":"2025-10-09 22:42:10","MAC":"CC:7B:5C:A8:0F:50","alerta_enviada":"0","nombre_dispositivo":"ASG-Sentinel","ubicacion":"Cocina ","estado":"precaucion"},{"id":"186","nivel_gas":"400","fecha":"2025-10-09 22:42:04","created_at":"2025-10-09 22:42:04","MAC":"CC:7B:5C:A8:0F:50","alerta_enviada":"0","nombre_dispositivo":"ASG-Sentinel","ubicacion":"Cocina ","estado":"precaucion"},{"id":"185","nivel_gas":"438","fecha":"2025-10-09 22:19:54","created_at":"2025-10-09 22:19:54","MAC":"CC:7B:5C:A8:0F:50","alerta_enviada":"0","nombre_dispositivo":"ASG-Sentinel","ubicacion":"Cocina ","estado":"precaucion"},{"id":"184","nivel_gas":"423","fecha":"2025-10-09 22:19:48","created_at":"2025-10-09 22:19:48","MAC":"CC:7B:5C:A8:0F:50","alerta_enviada":"0","nombre_dispositivo":"ASG-Sentinel","ubicacion":"Cocina ","estado":"precaucion"},{"id":"183","nivel_gas":"430","fecha":"2025-10-09 22:19:42","created_at":"2025-10-09 22:19:42","MAC":"CC:7B:5C:A8:0F:50","alerta_enviada":"0","nombre_dispositivo":"ASG-Sentinel","ubicacion":"Cocina ","estado":"precaucion"},{"id":"182","nivel_gas":"451","fecha":"2025-10-09 22:19:35","created_at":"2025-10-09 22:19:36","MAC":"CC:7B:5C:A8:0F:50","alerta_enviada":"0","nombre_dispositivo":"ASG-Sentinel","ubicacion":"Cocina ","estado":"peligro"},{"id":"181","nivel_gas":"428","fecha":"2025-10-09 22:19:29","created_at":"2025-10-09 22:19:30","MAC":"CC:7B:5C:A8:0F:50","alerta_enviada":"0","nombre_dispositivo":"ASG-Sentinel","ubicacion":"Cocina ","estado":"precaucion"},{"id":"180","nivel_gas":"421","fecha":"2025-10-09 22:19:23","created_at":"2025-10-09 22:19:23","MAC":"CC:7B:5C:A8:0F:50","alerta_enviada":"0","nombre_dispositivo":"ASG-Sentinel","ubicacion":"Cocina ","estado":"precaucion"},{"id":"179","nivel_gas":"433","fecha":"2025-10-09 22:19:17","created_at":"2025-10-09 22:19:17","MAC":"CC:7B:5C:A8:0F:50","alerta_enviada":"0","nombre_dispositivo":"ASG-Sentinel","ubicacion":"Cocina ","estado":"precaucion"},{"id":"178","nivel_gas":"423","fecha":"2025-10-09 22:19:11","created_at":"2025-10-09 22:19:11","MAC":"CC:7B:5C:A8:0F:50","alerta_enviada":"0","nombre_dispositivo":"ASG-Sentinel","ubicacion":"Cocina ","estado":"precaucion"},{"id":"177","nivel_gas":"398","fecha":"2025-10-09 22:19:05","created_at":"2025-10-09 22:19:05","MAC":"CC:7B:5C:A8:0F:50","alerta_enviada":"0","nombre_dispositivo":"ASG-Sentinel","ubicacion":"Cocina ","estado":"precaucion"},{"id":"176","nivel_gas":"511","fecha":"2025-10-09 22:13:23","created_at":"2025-10-09 22:13:24","MAC":"CC:7B:5C:A8:0F:50","alerta_enviada":"0","nombre_dispositivo":"ASG-Sentinel","ubicacion":"Cocina ","estado":"peligro"},{"id":"175","nivel_gas":"511","fecha":"2025-10-09 22:13:17","created_at":"2025-10-09 22:13:18","MAC":"CC:7B:5C:A8:0F:50","alerta_enviada":"0","nombre_dispositivo":"ASG-Sentinel","ubicacion":"Cocina ","estado":"peligro"},{"id":"174","nivel_gas":"498","fecha":"2025-10-09 22:13:11","created_at":"2025-10-09 22:13:11","MAC":"CC:7B:5C:A8:0F:50","alerta_enviada":"0","nombre_dispositivo":"ASG-Sentinel","ubicacion":"Cocina ","estado":"peligro"},{"id":"173","nivel_gas":"542","fecha":"2025-10-09 22:13:05","created_at":"2025-10-09 22:13:05","MAC":"CC:7B:5C:A8:0F:50","alerta_enviada":"0","nombre_dispositivo":"ASG-Sentinel","ubicacion":"Cocina ","estado":"peligro"},{"id":"172","nivel_gas":"538","fecha":"2025-10-09 22:12:59","created_at":"2025-10-09 22:12:59","MAC":"CC:7B:5C:A8:0F:50","alerta_enviada":"0","nombre_dispositivo":"ASG-Sentinel","ubicacion":"Cocina ","estado":"peligro"},{"id":"171","nivel_gas":"547","fecha":"2025-10-09 22:12:53","created_at":"2025-10-09 22:12:53","MAC":"CC:7B:5C:A8:0F:50","alerta_enviada":"0","nombre_dispositivo":"ASG-Sentinel","ubicacion":"Cocina ","estado":"peligro"},{"id":"170","nivel_gas":"535","fecha":"2025-10-09 22:12:47","created_at":"2025-10-09 22:12:47","MAC":"CC:7B:5C:A8:0F:50","alerta_enviada":"0","nombre_dispositivo":"ASG-Sentinel","ubicacion":"Cocina ","estado":"peligro"},{"id":"169","nivel_gas":"533","fecha":"2025-10-09 22:12:41","created_at":"2025-10-09 22:12:41","MAC":"CC:7B:5C:A8:0F:50","alerta_enviada":"0","nombre_dispositivo":"ASG-Sentinel","ubicacion":"Cocina ","estado":"peligro"},{"id":"168","nivel_gas":"527","fecha":"2025-10-09 22:12:34","created_at":"2025-10-09 22:12:35","MAC":"CC:7B:5C:A8:0F:50","alerta_enviada":"0","nombre_dispositivo":"ASG-Sentinel","ubicacion":"Cocina ","estado":"peligro"},{"id":"167","nivel_gas":"510","fecha":"2025-10-09 22:12:28","created_at":"2025-10-09 22:12:29","MAC":"CC:7B:5C:A8:0F:50","alerta_enviada":"0","nombre_dispositivo":"ASG-Sentinel","ubicacion":"Cocina ","estado":"peligro"},{"id":"166","nivel_gas":"467","fecha":"2025-10-09 22:12:22","created_at":"2025-10-09 22:12:23","MAC":"CC:7B:5C:A8:0F:50","alerta_enviada":"0","nombre_dispositivo":"ASG-Sentinel","ubicacion":"Cocina ","estado":"peligro"},{"id":"165","nivel_gas":"495","fecha":"2025-10-09 22:07:44","created_at":"2025-10-09 22:07:44","MAC":"CC:7B:5C:A8:0F:50","alerta_enviada":"0","nombre_dispositivo":"ASG-Sentinel","ubicacion":"Cocina ","estado":"peligro"},{"id":"164","nivel_gas":"418","fecha":"2025-10-09 22:07:37","created_at":"2025-10-09 22:07:38","MAC":"CC:7B:5C:A8:0F:50","alerta_enviada":"0","nombre_dispositivo":"ASG-Sentinel","ubicacion":"Cocina ","estado":"precaucion"},{"id":"163","nivel_gas":"475","fecha":"2025-10-09 22:05:37","created_at":"2025-10-09 22:05:37","MAC":"CC:7B:5C:A8:0F:50","alerta_enviada":"0","nombre_dispositivo":"ASG-Sentinel","ubicacion":"Cocina ","estado":"peligro"},{"id":"162","nivel_gas":"491","fecha":"2025-10-09 22:05:30","created_at":"2025-10-09 22:05:31","MAC":"CC:7B:5C:A8:0F:50","alerta_enviada":"0","nombre_dispositivo":"ASG-Sentinel","ubicacion":"Cocina ","estado":"peligro"},{"id":"161","nivel_gas":"431","fecha":"2025-10-09 22:05:24","created_at":"2025-10-09 22:05:24","MAC":"CC:7B:5C:A8:0F:50","alerta_enviada":"0","nombre_dispositivo":"ASG-Sentinel","ubicacion":"Cocina ","estado":"precaucion"},{"id":"160","nivel_gas":"464","fecha":"2025-10-09 22:05:01","created_at":"2025-10-09 22:05:01","MAC":"CC:7B:5C:A8:0F:50","alerta_enviada":"0","nombre_dispositivo":"ASG-Sentinel","ubicacion":"Cocina ","estado":"peligro"},{"id":"159","nivel_gas":"409","fecha":"2025-10-09 22:04:55","created_at":"2025-10-09 22:04:55","MAC":"CC:7B:5C:A8:0F:50","alerta_enviada":"0","nombre_dispositivo":"ASG-Sentinel","ubicacion":"Cocina ","estado":"precaucion"},{"id":"158","nivel_gas":"469","fecha":"2025-10-09 22:04:31","created_at":"2025-10-09 22:04:31","MAC":"CC:7B:5C:A8:0F:50","alerta_enviada":"0","nombre_dispositivo":"ASG-Sentinel","ubicacion":"Cocina ","estado":"peligro"},{"id":"157","nivel_gas":"478","fecha":"2025-10-09 22:04:25","created_at":"2025-10-09 22:04:25","MAC":"CC:7B:5C:A8:0F:50","alerta_enviada":"0","nombre_dispositivo":"ASG-Sentinel","ubicacion":"Cocina ","estado":"peligro"},{"id":"156","nivel_gas":"480","fecha":"2025-10-09 22:04:19","created_at":"2025-10-09 22:04:19","MAC":"CC:7B:5C:A8:0F:50","alerta_enviada":"0","nombre_dispositivo":"ASG-Sentinel","ubicacion":"Cocina ","estado":"peligro"},{"id":"155","nivel_gas":"483","fecha":"2025-10-09 22:04:13","created_at":"2025-10-09 22:04:13","MAC":"CC:7B:5C:A8:0F:50","alerta_enviada":"0","nombre_dispositivo":"ASG-Sentinel","ubicacion":"Cocina ","estado":"peligro"},{"id":"154","nivel_gas":"470","fecha":"2025-10-09 22:04:06","created_at":"2025-10-09 22:04:07","MAC":"CC:7B:5C:A8:0F:50","alerta_enviada":"0","nombre_dispositivo":"ASG-Sentinel","ubicacion":"Cocina ","estado":"peligro"},{"id":"153","nivel_gas":"467","fecha":"2025-10-09 22:04:00","created_at":"2025-10-09 22:04:01","MAC":"CC:7B:5C:A8:0F:50","alerta_enviada":"0","nombre_dispositivo":"ASG-Sentinel","ubicacion":"Cocina ","estado":"peligro"},{"id":"152","nivel_gas":"496","fecha":"2025-10-09 22:03:54","created_at":"2025-10-09 22:03:55","MAC":"CC:7B:5C:A8:0F:50","alerta_enviada":"0","nombre_dispositivo":"ASG-Sentinel","ubicacion":"Cocina ","estado":"peligro"},{"id":"151","nivel_gas":"466","fecha":"2025-10-09 22:03:48","created_at":"2025-10-09 22:03:49","MAC":"CC:7B:5C:A8:0F:50","alerta_enviada":"0","nombre_dispositivo":"ASG-Sentinel","ubicacion":"Cocina ","estado":"peligro"},{"id":"150","nivel_gas":"460","fecha":"2025-10-09 22:03:42","created_at":"2025-10-09 22:03:42","MAC":"CC:7B:5C:A8:0F:50","alerta_enviada":"0","nombre_dispositivo":"ASG-Sentinel","ubicacion":"Cocina ","estado":"peligro"},{"id":"149","nivel_gas":"467","fecha":"2025-10-09 22:03:36","created_at":"2025-10-09 22:03:36","MAC":"CC:7B:5C:A8:0F:50","alerta_enviada":"0","nombre_dispositivo":"ASG-Sentinel","ubicacion":"Cocina ","estado":"peligro"},{"id":"148","nivel_gas":"483","fecha":"2025-10-09 22:03:30","created_at":"2025-10-09 22:03:30","MAC":"CC:7B:5C:A8:0F:50","alerta_enviada":"0","nombre_dispositivo":"ASG-Sentinel","ubicacion":"Cocina ","estado":"peligro"},{"id":"147","nivel_gas":"490","fecha":"2025-10-09 22:03:24","created_at":"2025-10-09 22:03:24","MAC":"CC:7B:5C:A8:0F:50","alerta_enviada":"0","nombre_dispositivo":"ASG-Sentinel","ubicacion":"Cocina ","estado":"peligro"},{"id":"146","nivel_gas":"483","fecha":"2025-10-09 22:03:17","created_at":"2025-10-09 22:03:18","MAC":"CC:7B:5C:A8:0F:50","alerta_enviada":"0","nombre_dispositivo":"ASG-Sentinel","ubicacion":"Cocina ","estado":"peligro"},{"id":"145","nivel_gas":"470","fecha":"2025-10-09 22:03:11","created_at":"2025-10-09 22:03:11","MAC":"CC:7B:5C:A8:0F:50","alerta_enviada":"0","nombre_dispositivo":"ASG-Sentinel","ubicacion":"Cocina ","estado":"peligro"},{"id":"144","nivel_gas":"464","fecha":"2025-10-09 22:03:05","created_at":"2025-10-09 22:03:05","MAC":"CC:7B:5C:A8:0F:50","alerta_enviada":"0","nombre_dispositivo":"ASG-Sentinel","ubicacion":"Cocina ","estado":"peligro"},{"id":"143","nivel_gas":"465","fecha":"2025-10-09 22:02:59","created_at":"2025-10-09 22:02:59","MAC":"CC:7B:5C:A8:0F:50","alerta_enviada":"0","nombre_dispositivo":"ASG-Sentinel","ubicacion":"Cocina ","estado":"peligro"},{"id":"142","nivel_gas":"480","fecha":"2025-10-09 22:02:53","created_at":"2025-10-09 22:02:53","MAC":"CC:7B:5C:A8:0F:50","alerta_enviada":"0","nombre_dispositivo":"ASG-Sentinel","ubicacion":"Cocina ","estado":"peligro"},{"id":"141","nivel_gas":"469","fecha":"2025-10-09 22:02:47","created_at":"2025-10-09 22:02:47","MAC":"CC:7B:5C:A8:0F:50","alerta_enviada":"0","nombre_dispositivo":"ASG-Sentinel","ubicacion":"Cocina ","estado":"peligro"},{"id":"140","nivel_gas":"463","fecha":"2025-10-09 22:02:41","created_at":"2025-10-09 22:02:41","MAC":"CC:7B:5C:A8:0F:50","alerta_enviada":"0","nombre_dispositivo":"ASG-Sentinel","ubicacion":"Cocina ","estado":"peligro"},{"id":"139","nivel_gas":"475","fecha":"2025-10-09 22:02:34","created_at":"2025-10-09 22:02:35","MAC":"CC:7B:5C:A8:0F:50","alerta_enviada":"0","nombre_dispositivo":"ASG-Sentinel","ubicacion":"Cocina ","estado":"peligro"},{"id":"138","nivel_gas":"482","fecha":"2025-10-09 22:02:28","created_at":"2025-10-09 22:02:29","MAC":"CC:7B:5C:A8:0F:50","alerta_enviada":"0","nombre_dispositivo":"ASG-Sentinel","ubicacion":"Cocina ","estado":"peligro"},{"id":"137","nivel_gas":"488","fecha":"2025-10-09 22:02:22","created_at":"2025-10-09 22:02:22","MAC":"CC:7B:5C:A8:0F:50","alerta_enviada":"0","nombre_dispositivo":"ASG-Sentinel","ubicacion":"Cocina ","estado":"peligro"},{"id":"136","nivel_gas":"481","fecha":"2025-10-09 22:02:16","created_at":"2025-10-09 22:02:16","MAC":"CC:7B:5C:A8:0F:50","alerta_enviada":"0","nombre_dispositivo":"ASG-Sentinel","ubicacion":"Cocina ","estado":"peligro"},{"id":"135","nivel_gas":"460","fecha":"2025-10-09 22:02:10","created_at":"2025-10-09 22:02:10","MAC":"CC:7B:5C:A8:0F:50","alerta_enviada":"0","nombre_dispositivo":"ASG-Sentinel","ubicacion":"Cocina ","estado":"peligro"},{"id":"134","nivel_gas":"481","fecha":"2025-10-09 22:02:04","created_at":"2025-10-09 22:02:04","MAC":"CC:7B:5C:A8:0F:50","alerta_enviada":"0","nombre_dispositivo":"ASG-Sentinel","ubicacion":"Cocina ","estado":"peligro"},{"id":"133","nivel_gas":"486","fecha":"2025-10-09 22:01:57","created_at":"2025-10-09 22:01:58","MAC":"CC:7B:5C:A8:0F:50","alerta_enviada":"0","nombre_dispositivo":"ASG-Sentinel","ubicacion":"Cocina ","estado":"peligro"},{"id":"132","nivel_gas":"465","fecha":"2025-10-09 22:01:51","created_at":"2025-10-09 22:01:52","MAC":"CC:7B:5C:A8:0F:50","alerta_enviada":"0","nombre_dispositivo":"ASG-Sentinel","ubicacion":"Cocina ","estado":"peligro"},{"id":"131","nivel_gas":"491","fecha":"2025-10-09 22:01:45","created_at":"2025-10-09 22:01:45","MAC":"CC:7B:5C:A8:0F:50","alerta_enviada":"0","nombre_dispositivo":"ASG-Sentinel","ubicacion":"Cocina ","estado":"peligro"},{"id":"130","nivel_gas":"464","fecha":"2025-10-09 22:01:39","created_at":"2025-10-09 22:01:39","MAC":"CC:7B:5C:A8:0F:50","alerta_enviada":"0","nombre_dispositivo":"ASG-Sentinel","ubicacion":"Cocina ","estado":"peligro"},{"id":"129","nivel_gas":"461","fecha":"2025-10-09 22:01:33","created_at":"2025-10-09 22:01:33","MAC":"CC:7B:5C:A8:0F:50","alerta_enviada":"0","nombre_dispositivo":"ASG-Sentinel","ubicacion":"Cocina ","estado":"peligro"},{"id":"128","nivel_gas":"465","fecha":"2025-10-09 22:01:27","created_at":"2025-10-09 22:01:27","MAC":"CC:7B:5C:A8:0F:50","alerta_enviada":"0","nombre_dispositivo":"ASG-Sentinel","ubicacion":"Cocina ","estado":"peligro"},{"id":"127","nivel_gas":"466","fecha":"2025-10-09 22:01:20","created_at":"2025-10-09 22:01:21","MAC":"CC:7B:5C:A8:0F:50","alerta_enviada":"0","nombre_dispositivo":"ASG-Sentinel","ubicacion":"Cocina ","estado":"peligro"},{"id":"126","nivel_gas":"457","fecha":"2025-10-09 22:01:14","created_at":"2025-10-09 22:01:15","MAC":"CC:7B:5C:A8:0F:50","alerta_enviada":"0","nombre_dispositivo":"ASG-Sentinel","ubicacion":"Cocina ","estado":"peligro"},{"id":"125","nivel_gas":"462","fecha":"2025-10-09 22:01:08","created_at":"2025-10-09 22:01:09","MAC":"CC:7B:5C:A8:0F:50","alerta_enviada":"0","nombre_dispositivo":"ASG-Sentinel","ubicacion":"Cocina ","estado":"peligro"},{"id":"124","nivel_gas":"459","fecha":"2025-10-09 22:01:02","created_at":"2025-10-09 22:01:03","MAC":"CC:7B:5C:A8:0F:50","alerta_enviada":"0","nombre_dispositivo":"ASG-Sentinel","ubicacion":"Cocina ","estado":"peligro"},{"id":"123","nivel_gas":"470","fecha":"2025-10-09 22:00:56","created_at":"2025-10-09 22:00:57","MAC":"CC:7B:5C:A8:0F:50","alerta_enviada":"0","nombre_dispositivo":"ASG-Sentinel","ubicacion":"Cocina ","estado":"peligro"},{"id":"122","nivel_gas":"467","fecha":"2025-10-09 22:00:50","created_at":"2025-10-09 22:00:50","MAC":"CC:7B:5C:A8:0F:50","alerta_enviada":"0","nombre_dispositivo":"ASG-Sentinel","ubicacion":"Cocina ","estado":"peligro"},{"id":"121","nivel_gas":"471","fecha":"2025-10-09 22:00:44","created_at":"2025-10-09 22:00:44","MAC":"CC:7B:5C:A8:0F:50","alerta_enviada":"0","nombre_dispositivo":"ASG-Sentinel","ubicacion":"Cocina ","estado":"peligro"},{"id":"120","nivel_gas":"464","fecha":"2025-10-09 22:00:38","created_at":"2025-10-09 22:00:38","MAC":"CC:7B:5C:A8:0F:50","alerta_enviada":"0","nombre_dispositivo":"ASG-Sentinel","ubicacion":"Cocina ","estado":"peligro"},{"id":"119","nivel_gas":"480","fecha":"2025-10-09 22:00:32","created_at":"2025-10-09 22:00:32","MAC":"CC:7B:5C:A8:0F:50","alerta_enviada":"0","nombre_dispositivo":"ASG-Sentinel","ubicacion":"Cocina ","estado":"peligro"},{"id":"118","nivel_gas":"486","fecha":"2025-10-09 22:00:26","created_at":"2025-10-09 22:00:26","MAC":"CC:7B:5C:A8:0F:50","alerta_enviada":"0","nombre_dispositivo":"ASG-Sentinel","ubicacion":"Cocina ","estado":"peligro"},{"id":"117","nivel_gas":"485","fecha":"2025-10-09 22:00:19","created_at":"2025-10-09 22:00:20","MAC":"CC:7B:5C:A8:0F:50","alerta_enviada":"0","nombre_dispositivo":"ASG-Sentinel","ubicacion":"Cocina ","estado":"peligro"},{"id":"116","nivel_gas":"494","fecha":"2025-10-09 22:00:13","created_at":"2025-10-09 22:00:14","MAC":"CC:7B:5C:A8:0F:50","alerta_enviada":"0","nombre_dispositivo":"ASG-Sentinel","ubicacion":"Cocina ","estado":"peligro"},{"id":"115","nivel_gas":"494","fecha":"2025-10-09 22:00:07","created_at":"2025-10-09 22:00:08","MAC":"CC:7B:5C:A8:0F:50","alerta_enviada":"0","nombre_dispositivo":"ASG-Sentinel","ubicacion":"Cocina ","estado":"peligro"},{"id":"114","nivel_gas":"473","fecha":"2025-10-09 22:00:01","created_at":"2025-10-09 22:00:02","MAC":"CC:7B:5C:A8:0F:50","alerta_enviada":"0","nombre_dispositivo":"ASG-Sentinel","ubicacion":"Cocina ","estado":"peligro"},{"id":"113","nivel_gas":"482","fecha":"2025-10-09 21:59:55","created_at":"2025-10-09 21:59:56","MAC":"CC:7B:5C:A8:0F:50","alerta_enviada":"0","nombre_dispositivo":"ASG-Sentinel","ubicacion":"Cocina ","estado":"peligro"},{"id":"112","nivel_gas":"494","fecha":"2025-10-09 21:59:49","created_at":"2025-10-09 21:59:50","MAC":"CC:7B:5C:A8:0F:50","alerta_enviada":"0","nombre_dispositivo":"ASG-Sentinel","ubicacion":"Cocina ","estado":"peligro"},{"id":"111","nivel_gas":"470","fecha":"2025-10-09 21:59:43","created_at":"2025-10-09 21:59:43","MAC":"CC:7B:5C:A8:0F:50","alerta_enviada":"0","nombre_dispositivo":"ASG-Sentinel","ubicacion":"Cocina ","estado":"peligro"},{"id":"110","nivel_gas":"495","fecha":"2025-10-09 21:59:37","created_at":"2025-10-09 21:59:37","MAC":"CC:7B:5C:A8:0F:50","alerta_enviada":"0","nombre_dispositivo":"ASG-Sentinel","ubicacion":"Cocina ","estado":"peligro"},{"id":"109","nivel_gas":"483","fecha":"2025-10-09 21:59:31","created_at":"2025-10-09 21:59:31","MAC":"CC:7B:5C:A8:0F:50","alerta_enviada":"0","nombre_dispositivo":"ASG-Sentinel","ubicacion":"Cocina ","estado":"peligro"},{"id":"108","nivel_gas":"475","fecha":"2025-10-09 21:59:25","created_at":"2025-10-09 21:59:25","MAC":"CC:7B:5C:A8:0F:50","alerta_enviada":"0","nombre_dispositivo":"ASG-Sentinel","ubicacion":"Cocina ","estado":"peligro"},{"id":"107","nivel_gas":"479","fecha":"2025-10-09 21:59:18","created_at":"2025-10-09 21:59:19","MAC":"CC:7B:5C:A8:0F:50","alerta_enviada":"0","nombre_dispositivo":"ASG-Sentinel","ubicacion":"Cocina ","estado":"peligro"},{"id":"106","nivel_gas":"487","fecha":"2025-10-09 21:59:12","created_at":"2025-10-09 21:59:13","MAC":"CC:7B:5C:A8:0F:50","alerta_enviada":"0","nombre_dispositivo":"ASG-Sentinel","ubicacion":"Cocina ","estado":"peligro"},{"id":"105","nivel_gas":"491","fecha":"2025-10-09 21:59:06","created_at":"2025-10-09 21:59:07","MAC":"CC:7B:5C:A8:0F:50","alerta_enviada":"0","nombre_dispositivo":"ASG-Sentinel","ubicacion":"Cocina ","estado":"peligro"},{"id":"104","nivel_gas":"490","fecha":"2025-10-09 21:59:00","created_at":"2025-10-09 21:59:01","MAC":"CC:7B:5C:A8:0F:50","alerta_enviada":"0","nombre_dispositivo":"ASG-Sentinel","ubicacion":"Cocina ","estado":"peligro"},{"id":"103","nivel_gas":"467","fecha":"2025-10-09 21:58:54","created_at":"2025-10-09 21:58:55","MAC":"CC:7B:5C:A8:0F:50","alerta_enviada":"0","nombre_dispositivo":"ASG-Sentinel","ubicacion":"Cocina ","estado":"peligro"},{"id":"102","nivel_gas":"495","fecha":"2025-10-09 21:58:48","created_at":"2025-10-09 21:58:48","MAC":"CC:7B:5C:A8:0F:50","alerta_enviada":"0","nombre_dispositivo":"ASG-Sentinel","ubicacion":"Cocina ","estado":"peligro"},{"id":"101","nivel_gas":"496","fecha":"2025-10-09 21:58:42","created_at":"2025-10-09 21:58:42","MAC":"CC:7B:5C:A8:0F:50","alerta_enviada":"0","nombre_dispositivo":"ASG-Sentinel","ubicacion":"Cocina ","estado":"peligro"},{"id":"100","nivel_gas":"482","fecha":"2025-10-09 21:58:36","created_at":"2025-10-09 21:58:36","MAC":"CC:7B:5C:A8:0F:50","alerta_enviada":"0","nombre_dispositivo":"ASG-Sentinel","ubicacion":"Cocina ","estado":"peligro"},{"id":"99","nivel_gas":"496","fecha":"2025-10-09 21:58:30","created_at":"2025-10-09 21:58:30","MAC":"CC:7B:5C:A8:0F:50","alerta_enviada":"0","nombre_dispositivo":"ASG-Sentinel","ubicacion":"Cocina ","estado":"peligro"},{"id":"98","nivel_gas":"478","fecha":"2025-10-09 21:58:23","created_at":"2025-10-09 21:58:24","MAC":"CC:7B:5C:A8:0F:50","alerta_enviada":"0","nombre_dispositivo":"ASG-Sentinel","ubicacion":"Cocina ","estado":"peligro"},{"id":"97","nivel_gas":"474","fecha":"2025-10-09 21:58:17","created_at":"2025-10-09 21:58:18","MAC":"CC:7B:5C:A8:0F:50","alerta_enviada":"0","nombre_dispositivo":"ASG-Sentinel","ubicacion":"Cocina ","estado":"peligro"},{"id":"96","nivel_gas":"496","fecha":"2025-10-09 21:58:11","created_at":"2025-10-09 21:58:12","MAC":"CC:7B:5C:A8:0F:50","alerta_enviada":"0","nombre_dispositivo":"ASG-Sentinel","ubicacion":"Cocina ","estado":"peligro"},{"id":"95","nivel_gas":"502","fecha":"2025-10-09 21:58:05","created_at":"2025-10-09 21:58:06","MAC":"CC:7B:5C:A8:0F:50","alerta_enviada":"0","nombre_dispositivo":"ASG-Sentinel","ubicacion":"Cocina ","estado":"peligro"},{"id":"94","nivel_gas":"487","fecha":"2025-10-09 21:57:59","created_at":"2025-10-09 21:58:00","MAC":"CC:7B:5C:A8:0F:50","alerta_enviada":"0","nombre_dispositivo":"ASG-Sentinel","ubicacion":"Cocina ","estado":"peligro"},{"id":"93","nivel_gas":"479","fecha":"2025-10-09 21:57:53","created_at":"2025-10-09 21:57:53","MAC":"CC:7B:5C:A8:0F:50","alerta_enviada":"0","nombre_dispositivo":"ASG-Sentinel","ubicacion":"Cocina ","estado":"peligro"},{"id":"92","nivel_gas":"480","fecha":"2025-10-09 21:57:47","created_at":"2025-10-09 21:57:47","MAC":"CC:7B:5C:A8:0F:50","alerta_enviada":"0","nombre_dispositivo":"ASG-Sentinel","ubicacion":"Cocina ","estado":"peligro"},{"id":"91","nivel_gas":"486","fecha":"2025-10-09 21:57:41","created_at":"2025-10-09 21:57:41","MAC":"CC:7B:5C:A8:0F:50","alerta_enviada":"0","nombre_dispositivo":"ASG-Sentinel","ubicacion":"Cocina ","estado":"peligro"},{"id":"90","nivel_gas":"496","fecha":"2025-10-09 21:57:35","created_at":"2025-10-09 21:57:35","MAC":"CC:7B:5C:A8:0F:50","alerta_enviada":"0","nombre_dispositivo":"ASG-Sentinel","ubicacion":"Cocina ","estado":"peligro"},{"id":"89","nivel_gas":"470","fecha":"2025-10-09 21:57:29","created_at":"2025-10-09 21:57:29","MAC":"CC:7B:5C:A8:0F:50","alerta_enviada":"0","nombre_dispositivo":"ASG-Sentinel","ubicacion":"Cocina ","estado":"peligro"},{"id":"88","nivel_gas":"471","fecha":"2025-10-09 21:57:22","created_at":"2025-10-09 21:57:23","MAC":"CC:7B:5C:A8:0F:50","alerta_enviada":"0","nombre_dispositivo":"ASG-Sentinel","ubicacion":"Cocina ","estado":"peligro"},{"id":"87","nivel_gas":"481","fecha":"2025-10-09 21:57:16","created_at":"2025-10-09 21:57:17","MAC":"CC:7B:5C:A8:0F:50","alerta_enviada":"0","nombre_dispositivo":"ASG-Sentinel","ubicacion":"Cocina ","estado":"peligro"},{"id":"86","nivel_gas":"476","fecha":"2025-10-09 21:57:10","created_at":"2025-10-09 21:57:11","MAC":"CC:7B:5C:A8:0F:50","alerta_enviada":"0","nombre_dispositivo":"ASG-Sentinel","ubicacion":"Cocina ","estado":"peligro"},{"id":"85","nivel_gas":"465","fecha":"2025-10-09 21:57:04","created_at":"2025-10-09 21:57:05","MAC":"CC:7B:5C:A8:0F:50","alerta_enviada":"0","nombre_dispositivo":"ASG-Sentinel","ubicacion":"Cocina ","estado":"peligro"},{"id":"84","nivel_gas":"477","fecha":"2025-10-09 21:56:58","created_at":"2025-10-09 21:56:59","MAC":"CC:7B:5C:A8:0F:50","alerta_enviada":"0","nombre_dispositivo":"ASG-Sentinel","ubicacion":"Cocina ","estado":"peligro"},{"id":"83","nivel_gas":"495","fecha":"2025-10-09 21:56:52","created_at":"2025-10-09 21:56:53","MAC":"CC:7B:5C:A8:0F:50","alerta_enviada":"0","nombre_dispositivo":"ASG-Sentinel","ubicacion":"Cocina ","estado":"peligro"},{"id":"82","nivel_gas":"483","fecha":"2025-10-09 21:56:46","created_at":"2025-10-09 21:56:47","MAC":"CC:7B:5C:A8:0F:50","alerta_enviada":"0","nombre_dispositivo":"ASG-Sentinel","ubicacion":"Cocina ","estado":"peligro"},{"id":"81","nivel_gas":"477","fecha":"2025-10-09 21:56:40","created_at":"2025-10-09 21:56:40","MAC":"CC:7B:5C:A8:0F:50","alerta_enviada":"0","nombre_dispositivo":"ASG-Sentinel","ubicacion":"Cocina ","estado":"peligro"},{"id":"80","nivel_gas":"480","fecha":"2025-10-09 21:56:34","created_at":"2025-10-09 21:56:34","MAC":"CC:7B:5C:A8:0F:50","alerta_enviada":"0","nombre_dispositivo":"ASG-Sentinel","ubicacion":"Cocina ","estado":"peligro"},{"id":"79","nivel_gas":"484","fecha":"2025-10-09 21:56:28","created_at":"2025-10-09 21:56:28","MAC":"CC:7B:5C:A8:0F:50","alerta_enviada":"0","nombre_dispositivo":"ASG-Sentinel","ubicacion":"Cocina ","estado":"peligro"},{"id":"78","nivel_gas":"495","fecha":"2025-10-09 21:56:22","created_at":"2025-10-09 21:56:22","MAC":"CC:7B:5C:A8:0F:50","alerta_enviada":"0","nombre_dispositivo":"ASG-Sentinel","ubicacion":"Cocina ","estado":"peligro"},{"id":"77","nivel_gas":"494","fecha":"2025-10-09 21:56:15","created_at":"2025-10-09 21:56:16","MAC":"CC:7B:5C:A8:0F:50","alerta_enviada":"0","nombre_dispositivo":"ASG-Sentinel","ubicacion":"Cocina ","estado":"peligro"},{"id":"76","nivel_gas":"485","fecha":"2025-10-09 21:56:09","created_at":"2025-10-09 21:56:10","MAC":"CC:7B:5C:A8:0F:50","alerta_enviada":"0","nombre_dispositivo":"ASG-Sentinel","ubicacion":"Cocina ","estado":"peligro"},{"id":"75","nivel_gas":"473","fecha":"2025-10-09 21:56:03","created_at":"2025-10-09 21:56:04","MAC":"CC:7B:5C:A8:0F:50","alerta_enviada":"0","nombre_dispositivo":"ASG-Sentinel","ubicacion":"Cocina ","estado":"peligro"},{"id":"74","nivel_gas":"483","fecha":"2025-10-09 21:55:57","created_at":"2025-10-09 21:55:58","MAC":"CC:7B:5C:A8:0F:50","alerta_enviada":"0","nombre_dispositivo":"ASG-Sentinel","ubicacion":"Cocina ","estado":"peligro"},{"id":"73","nivel_gas":"467","fecha":"2025-10-09 21:55:51","created_at":"2025-10-09 21:55:51","MAC":"CC:7B:5C:A8:0F:50","alerta_enviada":"0","nombre_dispositivo":"ASG-Sentinel","ubicacion":"Cocina ","estado":"peligro"},{"id":"72","nivel_gas":"477","fecha":"2025-10-09 21:55:45","created_at":"2025-10-09 21:55:45","MAC":"CC:7B:5C:A8:0F:50","alerta_enviada":"0","nombre_dispositivo":"ASG-Sentinel","ubicacion":"Cocina ","estado":"peligro"},{"id":"71","nivel_gas":"487","fecha":"2025-10-09 21:55:39","created_at":"2025-10-09 21:55:39","MAC":"CC:7B:5C:A8:0F:50","alerta_enviada":"0","nombre_dispositivo":"ASG-Sentinel","ubicacion":"Cocina ","estado":"peligro"},{"id":"70","nivel_gas":"478","fecha":"2025-10-09 21:55:33","created_at":"2025-10-09 21:55:33","MAC":"CC:7B:5C:A8:0F:50","alerta_enviada":"0","nombre_dispositivo":"ASG-Sentinel","ubicacion":"Cocina ","estado":"peligro"},{"id":"69","nivel_gas":"469","fecha":"2025-10-09 21:55:27","created_at":"2025-10-09 21:55:27","MAC":"CC:7B:5C:A8:0F:50","alerta_enviada":"0","nombre_dispositivo":"ASG-Sentinel","ubicacion":"Cocina ","estado":"peligro"},{"id":"68","nivel_gas":"499","fecha":"2025-10-09 21:55:20","created_at":"2025-10-09 21:55:21","MAC":"CC:7B:5C:A8:0F:50","alerta_enviada":"0","nombre_dispositivo":"ASG-Sentinel","ubicacion":"Cocina ","estado":"peligro"},{"id":"67","nivel_gas":"488","fecha":"2025-10-09 21:55:14","created_at":"2025-10-09 21:55:15","MAC":"CC:7B:5C:A8:0F:50","alerta_enviada":"0","nombre_dispositivo":"ASG-Sentinel","ubicacion":"Cocina ","estado":"peligro"},{"id":"66","nivel_gas":"511","fecha":"2025-10-09 21:55:08","created_at":"2025-10-09 21:55:09","MAC":"CC:7B:5C:A8:0F:50","alerta_enviada":"0","nombre_dispositivo":"ASG-Sentinel","ubicacion":"Cocina ","estado":"peligro"},{"id":"65","nivel_gas":"507","fecha":"2025-10-09 21:55:02","created_at":"2025-10-09 21:55:03","MAC":"CC:7B:5C:A8:0F:50","alerta_enviada":"0","nombre_dispositivo":"ASG-Sentinel","ubicacion":"Cocina ","estado":"peligro"},{"id":"64","nivel_gas":"476","fecha":"2025-10-09 21:54:56","created_at":"2025-10-09 21:54:57","MAC":"CC:7B:5C:A8:0F:50","alerta_enviada":"0","nombre_dispositivo":"ASG-Sentinel","ubicacion":"Cocina ","estado":"peligro"},{"id":"63","nivel_gas":"455","fecha":"2025-10-09 21:54:50","created_at":"2025-10-09 21:54:50","MAC":"CC:7B:5C:A8:0F:50","alerta_enviada":"0","nombre_dispositivo":"ASG-Sentinel","ubicacion":"Cocina ","estado":"peligro"},{"id":"62","nivel_gas":"468","fecha":"2025-10-09 21:54:43","created_at":"2025-10-09 21:54:44","MAC":"CC:7B:5C:A8:0F:50","alerta_enviada":"0","nombre_dispositivo":"ASG-Sentinel","ubicacion":"Cocina ","estado":"peligro"},{"id":"61","nivel_gas":"478","fecha":"2025-10-09 21:54:37","created_at":"2025-10-09 21:54:38","MAC":"CC:7B:5C:A8:0F:50","alerta_enviada":"0","nombre_dispositivo":"ASG-Sentinel","ubicacion":"Cocina ","estado":"peligro"},{"id":"60","nivel_gas":"416","fecha":"2025-10-09 21:54:31","created_at":"2025-10-09 21:54:32","MAC":"CC:7B:5C:A8:0F:50","alerta_enviada":"0","nombre_dispositivo":"ASG-Sentinel","ubicacion":"Cocina ","estado":"precaucion"},{"id":"59","nivel_gas":"464","fecha":"2025-10-09 21:54:11","created_at":"2025-10-09 21:54:12","MAC":"CC:7B:5C:A8:0F:50","alerta_enviada":"0","nombre_dispositivo":"ASG-Sentinel","ubicacion":"Cocina ","estado":"peligro"},{"id":"58","nivel_gas":"464","fecha":"2025-10-09 21:54:05","created_at":"2025-10-09 21:54:06","MAC":"CC:7B:5C:A8:0F:50","alerta_enviada":"0","nombre_dispositivo":"ASG-Sentinel","ubicacion":"Cocina ","estado":"peligro"},{"id":"57","nivel_gas":"419","fecha":"2025-10-09 21:53:59","created_at":"2025-10-09 21:54:00","MAC":"CC:7B:5C:A8:0F:50","alerta_enviada":"0","nombre_dispositivo":"ASG-Sentinel","ubicacion":"Cocina ","estado":"precaucion"},{"id":"56","nivel_gas":"464","fecha":"2025-10-09 21:53:38","created_at":"2025-10-09 21:53:39","MAC":"CC:7B:5C:A8:0F:50","alerta_enviada":"0","nombre_dispositivo":"ASG-Sentinel","ubicacion":"Cocina ","estado":"peligro"},{"id":"55","nivel_gas":"461","fecha":"2025-10-09 21:53:32","created_at":"2025-10-09 21:53:33","MAC":"CC:7B:5C:A8:0F:50","alerta_enviada":"0","nombre_dispositivo":"ASG-Sentinel","ubicacion":"Cocina ","estado":"peligro"},{"id":"54","nivel_gas":"466","fecha":"2025-10-09 21:53:26","created_at":"2025-10-09 21:53:26","MAC":"CC:7B:5C:A8:0F:50","alerta_enviada":"0","nombre_dispositivo":"ASG-Sentinel","ubicacion":"Cocina ","estado":"peligro"},{"id":"53","nivel_gas":"464","fecha":"2025-10-09 21:53:20","created_at":"2025-10-09 21:53:20","MAC":"CC:7B:5C:A8:0F:50","alerta_enviada":"0","nombre_dispositivo":"ASG-Sentinel","ubicacion":"Cocina ","estado":"peligro"},{"id":"52","nivel_gas":"461","fecha":"2025-10-09 21:53:14","created_at":"2025-10-09 21:53:14","MAC":"CC:7B:5C:A8:0F:50","alerta_enviada":"0","nombre_dispositivo":"ASG-Sentinel","ubicacion":"Cocina ","estado":"peligro"},{"id":"51","nivel_gas":"469","fecha":"2025-10-09 21:53:08","created_at":"2025-10-09 21:53:08","MAC":"CC:7B:5C:A8:0F:50","alerta_enviada":"0","nombre_dispositivo":"ASG-Sentinel","ubicacion":"Cocina ","estado":"peligro"},{"id":"50","nivel_gas":"464","fecha":"2025-10-09 21:53:02","created_at":"2025-10-09 21:53:02","MAC":"CC:7B:5C:A8:0F:50","alerta_enviada":"0","nombre_dispositivo":"ASG-Sentinel","ubicacion":"Cocina ","estado":"peligro"},{"id":"49","nivel_gas":"484","fecha":"2025-10-09 21:52:56","created_at":"2025-10-09 21:52:56","MAC":"CC:7B:5C:A8:0F:50","alerta_enviada":"0","nombre_dispositivo":"ASG-Sentinel","ubicacion":"Cocina ","estado":"peligro"},{"id":"48","nivel_gas":"488","fecha":"2025-10-09 21:52:50","created_at":"2025-10-09 21:52:50","MAC":"CC:7B:5C:A8:0F:50","alerta_enviada":"0","nombre_dispositivo":"ASG-Sentinel","ubicacion":"Cocina ","estado":"peligro"},{"id":"47","nivel_gas":"471","fecha":"2025-10-09 21:52:43","created_at":"2025-10-09 21:52:44","MAC":"CC:7B:5C:A8:0F:50","alerta_enviada":"0","nombre_dispositivo":"ASG-Sentinel","ubicacion":"Cocina ","estado":"peligro"},{"id":"46","nivel_gas":"465","fecha":"2025-10-09 21:52:37","created_at":"2025-10-09 21:52:38","MAC":"CC:7B:5C:A8:0F:50","alerta_enviada":"0","nombre_dispositivo":"ASG-Sentinel","ubicacion":"Cocina ","estado":"peligro"},{"id":"45","nivel_gas":"452","fecha":"2025-10-09 21:52:31","created_at":"2025-10-09 21:52:32","MAC":"CC:7B:5C:A8:0F:50","alerta_enviada":"0","nombre_dispositivo":"ASG-Sentinel","ubicacion":"Cocina ","estado":"peligro"},{"id":"44","nivel_gas":"451","fecha":"2025-10-09 21:52:25","created_at":"2025-10-09 21:52:26","MAC":"CC:7B:5C:A8:0F:50","alerta_enviada":"0","nombre_dispositivo":"ASG-Sentinel","ubicacion":"Cocina ","estado":"peligro"},{"id":"43","nivel_gas":"453","fecha":"2025-10-09 21:52:19","created_at":"2025-10-09 21:52:19","MAC":"CC:7B:5C:A8:0F:50","alerta_enviada":"0","nombre_dispositivo":"ASG-Sentinel","ubicacion":"Cocina ","estado":"peligro"},{"id":"42","nivel_gas":"465","fecha":"2025-10-09 21:52:13","created_at":"2025-10-09 21:52:13","MAC":"CC:7B:5C:A8:0F:50","alerta_enviada":"0","nombre_dispositivo":"ASG-Sentinel","ubicacion":"Cocina ","estado":"peligro"},{"id":"41","nivel_gas":"461","fecha":"2025-10-09 21:52:07","created_at":"2025-10-09 21:52:07","MAC":"CC:7B:5C:A8:0F:50","alerta_enviada":"0","nombre_dispositivo":"ASG-Sentinel","ubicacion":"Cocina ","estado":"peligro"},{"id":"40","nivel_gas":"457","fecha":"2025-10-09 21:52:01","created_at":"2025-10-09 21:52:01","MAC":"CC:7B:5C:A8:0F:50","alerta_enviada":"0","nombre_dispositivo":"ASG-Sentinel","ubicacion":"Cocina ","estado":"peligro"},{"id":"39","nivel_gas":"469","fecha":"2025-10-09 21:51:54","created_at":"2025-10-09 21:51:55","MAC":"CC:7B:5C:A8:0F:50","alerta_enviada":"0","nombre_dispositivo":"ASG-Sentinel","ubicacion":"Cocina ","estado":"peligro"},{"id":"38","nivel_gas":"464","fecha":"2025-10-09 21:51:48","created_at":"2025-10-09 21:51:49","MAC":"CC:7B:5C:A8:0F:50","alerta_enviada":"0","nombre_dispositivo":"ASG-Sentinel","ubicacion":"Cocina ","estado":"peligro"},{"id":"37","nivel_gas":"465","fecha":"2025-10-09 21:51:42","created_at":"2025-10-09 21:51:43","MAC":"CC:7B:5C:A8:0F:50","alerta_enviada":"0","nombre_dispositivo":"ASG-Sentinel","ubicacion":"Cocina ","estado":"peligro"},{"id":"36","nivel_gas":"458","fecha":"2025-10-09 21:51:36","created_at":"2025-10-09 21:51:37","MAC":"CC:7B:5C:A8:0F:50","alerta_enviada":"0","nombre_dispositivo":"ASG-Sentinel","ubicacion":"Cocina ","estado":"peligro"},{"id":"35","nivel_gas":"459","fecha":"2025-10-09 21:51:30","created_at":"2025-10-09 21:51:31","MAC":"CC:7B:5C:A8:0F:50","alerta_enviada":"0","nombre_dispositivo":"ASG-Sentinel","ubicacion":"Cocina ","estado":"peligro"},{"id":"34","nivel_gas":"443","fecha":"2025-10-09 21:51:24","created_at":"2025-10-09 21:51:25","MAC":"CC:7B:5C:A8:0F:50","alerta_enviada":"0","nombre_dispositivo":"ASG-Sentinel","ubicacion":"Cocina ","estado":"precaucion"},{"id":"33","nivel_gas":"402","fecha":"2025-10-09 21:51:18","created_at":"2025-10-09 21:51:18","MAC":"CC:7B:5C:A8:0F:50","alerta_enviada":"0","nombre_dispositivo":"ASG-Sentinel","ubicacion":"Cocina ","estado":"precaucion"},{"id":"32","nivel_gas":"405","fecha":"2025-10-09 21:50:49","created_at":"2025-10-09 21:50:49","MAC":"CC:7B:5C:A8:0F:50","alerta_enviada":"0","nombre_dispositivo":"ASG-Sentinel","ubicacion":"Cocina ","estado":"precaucion"},{"id":"31","nivel_gas":"464","fecha":"2025-10-09 21:50:17","created_at":"2025-10-09 21:50:18","MAC":"CC:7B:5C:A8:0F:50","alerta_enviada":"0","nombre_dispositivo":"ASG-Sentinel","ubicacion":"Cocina ","estado":"peligro"},{"id":"30","nivel_gas":"455","fecha":"2025-10-09 21:50:11","created_at":"2025-10-09 21:50:12","MAC":"CC:7B:5C:A8:0F:50","alerta_enviada":"0","nombre_dispositivo":"ASG-Sentinel","ubicacion":"Cocina ","estado":"peligro"},{"id":"29","nivel_gas":"477","fecha":"2025-10-09 21:50:05","created_at":"2025-10-09 21:50:06","MAC":"CC:7B:5C:A8:0F:50","alerta_enviada":"0","nombre_dispositivo":"ASG-Sentinel","ubicacion":"Cocina ","estado":"peligro"},{"id":"28","nivel_gas":"481","fecha":"2025-10-09 21:49:59","created_at":"2025-10-09 21:50:00","MAC":"CC:7B:5C:A8:0F:50","alerta_enviada":"0","nombre_dispositivo":"ASG-Sentinel","ubicacion":"Cocina ","estado":"peligro"},{"id":"27","nivel_gas":"463","fecha":"2025-10-09 21:49:53","created_at":"2025-10-09 21:49:53","MAC":"CC:7B:5C:A8:0F:50","alerta_enviada":"0","nombre_dispositivo":"ASG-Sentinel","ubicacion":"Cocina ","estado":"peligro"},{"id":"26","nivel_gas":"464","fecha":"2025-10-09 21:49:47","created_at":"2025-10-09 21:49:47","MAC":"CC:7B:5C:A8:0F:50","alerta_enviada":"0","nombre_dispositivo":"ASG-Sentinel","ubicacion":"Cocina ","estado":"peligro"},{"id":"25","nivel_gas":"449","fecha":"2025-10-09 21:49:41","created_at":"2025-10-09 21:49:41","MAC":"CC:7B:5C:A8:0F:50","alerta_enviada":"0","nombre_dispositivo":"ASG-Sentinel","ubicacion":"Cocina ","estado":"precaucion"},{"id":"24","nivel_gas":"452","fecha":"2025-10-09 21:49:35","created_at":"2025-10-09 21:49:35","MAC":"CC:7B:5C:A8:0F:50","alerta_enviada":"0","nombre_dispositivo":"ASG-Sentinel","ubicacion":"Cocina ","estado":"peligro"},{"id":"23","nivel_gas":"471","fecha":"2025-10-09 21:49:29","created_at":"2025-10-09 21:49:29","MAC":"CC:7B:5C:A8:0F:50","alerta_enviada":"0","nombre_dispositivo":"ASG-Sentinel","ubicacion":"Cocina ","estado":"peligro"},{"id":"22","nivel_gas":"452","fecha":"2025-10-09 21:49:23","created_at":"2025-10-09 21:49:23","MAC":"CC:7B:5C:A8:0F:50","alerta_enviada":"0","nombre_dispositivo":"ASG-Sentinel","ubicacion":"Cocina ","estado":"peligro"},{"id":"21","nivel_gas":"461","fecha":"2025-10-09 21:49:16","created_at":"2025-10-09 21:49:17","MAC":"CC:7B:5C:A8:0F:50","alerta_enviada":"0","nombre_dispositivo":"ASG-Sentinel","ubicacion":"Cocina ","estado":"peligro"},{"id":"20","nivel_gas":"453","fecha":"2025-10-09 21:49:10","created_at":"2025-10-09 21:49:11","MAC":"CC:7B:5C:A8:0F:50","alerta_enviada":"0","nombre_dispositivo":"ASG-Sentinel","ubicacion":"Cocina ","estado":"peligro"},{"id":"19","nivel_gas":"471","fecha":"2025-10-09 21:49:04","created_at":"2025-10-09 21:49:04","MAC":"CC:7B:5C:A8:0F:50","alerta_enviada":"0","nombre_dispositivo":"ASG-Sentinel","ubicacion":"Cocina ","estado":"peligro"},{"id":"18","nivel_gas":"450","fecha":"2025-10-09 21:48:58","created_at":"2025-10-09 21:48:58","MAC":"CC:7B:5C:A8:0F:50","alerta_enviada":"0","nombre_dispositivo":"ASG-Sentinel","ubicacion":"Cocina ","estado":"peligro"},{"id":"17","nivel_gas":"464","fecha":"2025-10-09 21:48:52","created_at":"2025-10-09 21:48:52","MAC":"CC:7B:5C:A8:0F:50","alerta_enviada":"0","nombre_dispositivo":"ASG-Sentinel","ubicacion":"Cocina ","estado":"peligro"},{"id":"16","nivel_gas":"464","fecha":"2025-10-09 21:48:46","created_at":"2025-10-09 21:48:46","MAC":"CC:7B:5C:A8:0F:50","alerta_enviada":"0","nombre_dispositivo":"ASG-Sentinel","ubicacion":"Cocina ","estado":"peligro"},{"id":"15","nivel_gas":"464","fecha":"2025-10-09 21:48:40","created_at":"2025-10-09 21:48:40","MAC":"CC:7B:5C:A8:0F:50","alerta_enviada":"0","nombre_dispositivo":"ASG-Sentinel","ubicacion":"Cocina ","estado":"peligro"},{"id":"14","nivel_gas":"461","fecha":"2025-10-09 21:48:34","created_at":"2025-10-09 21:48:34","MAC":"CC:7B:5C:A8:0F:50","alerta_enviada":"0","nombre_dispositivo":"ASG-Sentinel","ubicacion":"Cocina ","estado":"peligro"},{"id":"13","nivel_gas":"470","fecha":"2025-10-09 21:48:27","created_at":"2025-10-09 21:48:28","MAC":"CC:7B:5C:A8:0F:50","alerta_enviada":"0","nombre_dispositivo":"ASG-Sentinel","ubicacion":"Cocina ","estado":"peligro"},{"id":"12","nivel_gas":"464","fecha":"2025-10-09 21:48:21","created_at":"2025-10-09 21:48:22","MAC":"CC:7B:5C:A8:0F:50","alerta_enviada":"0","nombre_dispositivo":"ASG-Sentinel","ubicacion":"Cocina ","estado":"peligro"},{"id":"11","nivel_gas":"449","fecha":"2025-10-09 21:48:15","created_at":"2025-10-09 21:48:16","MAC":"CC:7B:5C:A8:0F:50","alerta_enviada":"0","nombre_dispositivo":"ASG-Sentinel","ubicacion":"Cocina ","estado":"precaucion"},{"id":"10","nivel_gas":"463","fecha":"2025-10-09 21:48:09","created_at":"2025-10-09 21:48:09","MAC":"CC:7B:5C:A8:0F:50","alerta_enviada":"0","nombre_dispositivo":"ASG-Sentinel","ubicacion":"Cocina ","estado":"peligro"},{"id":"9","nivel_gas":"457","fecha":"2025-10-09 21:48:03","created_at":"2025-10-09 21:48:03","MAC":"CC:7B:5C:A8:0F:50","alerta_enviada":"0","nombre_dispositivo":"ASG-Sentinel","ubicacion":"Cocina ","estado":"peligro"},{"id":"8","nivel_gas":"464","fecha":"2025-10-09 21:47:57","created_at":"2025-10-09 21:47:57","MAC":"CC:7B:5C:A8:0F:50","alerta_enviada":"0","nombre_dispositivo":"ASG-Sentinel","ubicacion":"Cocina ","estado":"peligro"},{"id":"7","nivel_gas":"458","fecha":"2025-10-09 21:47:51","created_at":"2025-10-09 21:47:51","MAC":"CC:7B:5C:A8:0F:50","alerta_enviada":"0","nombre_dispositivo":"ASG-Sentinel","ubicacion":"Cocina ","estado":"peligro"},{"id":"6","nivel_gas":"468","fecha":"2025-10-09 21:47:45","created_at":"2025-10-09 21:47:45","MAC":"CC:7B:5C:A8:0F:50","alerta_enviada":"0","nombre_dispositivo":"ASG-Sentinel","ubicacion":"Cocina ","estado":"peligro"},{"id":"5","nivel_gas":"468","fecha":"2025-10-09 21:47:39","created_at":"2025-10-09 21:47:39","MAC":"CC:7B:5C:A8:0F:50","alerta_enviada":"0","nombre_dispositivo":"ASG-Sentinel","ubicacion":"Cocina ","estado":"peligro"},{"id":"4","nivel_gas":"467","fecha":"2025-10-09 21:47:33","created_at":"2025-10-09 21:47:33","MAC":"CC:7B:5C:A8:0F:50","alerta_enviada":"0","nombre_dispositivo":"ASG-Sentinel","ubicacion":"Cocina ","estado":"peligro"},{"id":"3","nivel_gas":"464","fecha":"2025-10-09 21:47:27","created_at":"2025-10-09 21:47:27","MAC":"CC:7B:5C:A8:0F:50","alerta_enviada":"0","nombre_dispositivo":"ASG-Sentinel","ubicacion":"Cocina ","estado":"peligro"},{"id":"2","nivel_gas":"477","fecha":"2025-10-09 21:47:21","created_at":"2025-10-09 21:47:21","MAC":"CC:7B:5C:A8:0F:50","alerta_enviada":"0","nombre_dispositivo":"ASG-Sentinel","ubicacion":"Cocina ","estado":"peligro"},{"id":"1","nivel_gas":"415","fecha":"2025-10-09 21:47:14","created_at":"2025-10-09 21:47:15","MAC":"CC:7B:5C:A8:0F:50","alerta_enviada":"0","nombre_dispositivo":"ASG-Sentinel","ubicacion":"Cocina ","estado":"precaucion"}]}
INFO - 2025-10-15 17:44:40 --> Session: Class initialized using 'CodeIgniter\Session\Handlers\FileHandler' driver.
WARNING - 2025-10-15 17:44:40 --> [DEPRECATED] Creation of dynamic property App\Controllers\PerfilController::$language is deprecated in APPPATH\Controllers\BaseController.php on line 40.
 1 SYSTEMPATH\CodeIgniter.php(904): App\Controllers\BaseController->initController(Object(CodeIgniter\HTTP\IncomingRequest), Object(CodeIgniter\HTTP\Response), Object(CodeIgniter\Log\Logger))
 2 SYSTEMPATH\CodeIgniter.php(500): CodeIgniter\CodeIgniter->createController()
 3 SYSTEMPATH\CodeIgniter.php(355): CodeIgniter\CodeIgniter->handleRequest(null, Object(Config\Cache), false)
 4 SYSTEMPATH\Boot.php(325): CodeIgniter\CodeIgniter->run()
 5 SYSTEMPATH\Boot.php(67): CodeIgniter\Boot::runCodeIgniter(Object(CodeIgniter\CodeIgniter))
 6 FCPATH\index.php(56): CodeIgniter\Boot::bootWeb(Object(Config\Paths))
INFO - 2025-10-15 17:44:43 --> Session: Class initialized using 'CodeIgniter\Session\Handlers\FileHandler' driver.
WARNING - 2025-10-15 17:44:43 --> [DEPRECATED] Creation of dynamic property App\Controllers\PerfilController::$language is deprecated in APPPATH\Controllers\BaseController.php on line 40.
 1 SYSTEMPATH\CodeIgniter.php(904): App\Controllers\BaseController->initController(Object(CodeIgniter\HTTP\IncomingRequest), Object(CodeIgniter\HTTP\Response), Object(CodeIgniter\Log\Logger))
 2 SYSTEMPATH\CodeIgniter.php(500): CodeIgniter\CodeIgniter->createController()
 3 SYSTEMPATH\CodeIgniter.php(355): CodeIgniter\CodeIgniter->handleRequest(null, Object(Config\Cache), false)
 4 SYSTEMPATH\Boot.php(325): CodeIgniter\CodeIgniter->run()
 5 SYSTEMPATH\Boot.php(67): CodeIgniter\Boot::runCodeIgniter(Object(CodeIgniter\CodeIgniter))
 6 FCPATH\index.php(56): CodeIgniter\Boot::bootWeb(Object(Config\Paths))
DEBUG - 2025-10-15 17:44:48 --> Correo de verificación de configuración enviado a: leonelsanchez@alumnos.itr3.edu.ar
INFO - 2025-10-15 17:44:48 --> Session: Class initialized using 'CodeIgniter\Session\Handlers\FileHandler' driver.
WARNING - 2025-10-15 17:44:48 --> [DEPRECATED] Creation of dynamic property App\Controllers\PerfilController::$language is deprecated in APPPATH\Controllers\BaseController.php on line 40.
 1 SYSTEMPATH\CodeIgniter.php(904): App\Controllers\BaseController->initController(Object(CodeIgniter\HTTP\IncomingRequest), Object(CodeIgniter\HTTP\Response), Object(CodeIgniter\Log\Logger))
 2 SYSTEMPATH\CodeIgniter.php(500): CodeIgniter\CodeIgniter->createController()
 3 SYSTEMPATH\CodeIgniter.php(355): CodeIgniter\CodeIgniter->handleRequest(null, Object(Config\Cache), false)
 4 SYSTEMPATH\Boot.php(325): CodeIgniter\CodeIgniter->run()
 5 SYSTEMPATH\Boot.php(67): CodeIgniter\Boot::runCodeIgniter(Object(CodeIgniter\CodeIgniter))
 6 FCPATH\index.php(56): CodeIgniter\Boot::bootWeb(Object(Config\Paths))
INFO - 2025-10-15 17:44:54 --> Session: Class initialized using 'CodeIgniter\Session\Handlers\FileHandler' driver.
WARNING - 2025-10-15 17:44:54 --> [DEPRECATED] Creation of dynamic property App\Controllers\PerfilController::$language is deprecated in APPPATH\Controllers\BaseController.php on line 40.
 1 SYSTEMPATH\CodeIgniter.php(904): App\Controllers\BaseController->initController(Object(CodeIgniter\HTTP\IncomingRequest), Object(CodeIgniter\HTTP\Response), Object(CodeIgniter\Log\Logger))
 2 SYSTEMPATH\CodeIgniter.php(500): CodeIgniter\CodeIgniter->createController()
 3 SYSTEMPATH\CodeIgniter.php(355): CodeIgniter\CodeIgniter->handleRequest(null, Object(Config\Cache), false)
 4 SYSTEMPATH\Boot.php(325): CodeIgniter\CodeIgniter->run()
 5 SYSTEMPATH\Boot.php(67): CodeIgniter\Boot::runCodeIgniter(Object(CodeIgniter\CodeIgniter))
 6 FCPATH\index.php(56): CodeIgniter\Boot::bootWeb(Object(Config\Paths))
INFO - 2025-10-15 17:44:55 --> Session: Class initialized using 'CodeIgniter\Session\Handlers\FileHandler' driver.
WARNING - 2025-10-15 17:44:55 --> [DEPRECATED] Creation of dynamic property App\Controllers\PerfilController::$language is deprecated in APPPATH\Controllers\BaseController.php on line 40.
 1 SYSTEMPATH\CodeIgniter.php(904): App\Controllers\BaseController->initController(Object(CodeIgniter\HTTP\IncomingRequest), Object(CodeIgniter\HTTP\Response), Object(CodeIgniter\Log\Logger))
 2 SYSTEMPATH\CodeIgniter.php(500): CodeIgniter\CodeIgniter->createController()
 3 SYSTEMPATH\CodeIgniter.php(355): CodeIgniter\CodeIgniter->handleRequest(null, Object(Config\Cache), false)
 4 SYSTEMPATH\Boot.php(325): CodeIgniter\CodeIgniter->run()
 5 SYSTEMPATH\Boot.php(67): CodeIgniter\Boot::runCodeIgniter(Object(CodeIgniter\CodeIgniter))
 6 FCPATH\index.php(56): CodeIgniter\Boot::bootWeb(Object(Config\Paths))
